// 重构日志: c7725240
// 重构日志: 88bd5fcd
// 重构日志: 979131a2
// 重构日志: 727898b2
// 重构日志: 1faba096
// 重构日志: 097c581f
// 重构日志: 14ce8669
// 重构日志: 760c387b
// 同步 ID: 7b2b21bc @ Sat Jul 18 18:05:49 UTC 2026
// 同步 ID: 501391d0 @ Sun Jul 19 14:40:23 UTC 2026
// 同步 ID: 850e91cd @ Mon Jul 20 11:23:06 UTC 2026
// 重构日志: e7fc38c5
// 同步 ID: 4bac217b @ Mon Jul 20 17:32:43 UTC 2026
// 重构日志: 534977bb
// 同步 ID: a3a25802 @ Tue Jul 21 15:10:05 UTC 2026
// 重构日志: 55c228df
// 重构日志: fa1886eb
// 重构日志: 2ebf017d
// 同步 ID: 10613a13 @ Thu Jul 23 17:31:24 UTC 2026
// 重构日志: 49280732
// 重构日志: 1db6d69e
// 同步 ID: ed481bf6 @ Fri Jul 24 18:26:26 UTC 2026
// 同步 ID: e95f01e3 @ Fri Jul 24 22:07:53 UTC 2026
// 同步 ID: b9042e92 @ Sat Jul 25 00:10:20 UTC 2026
// 同步 ID: 1208b1a5 @ Sat Jul 25 22:03:01 UTC 2026
// 重构日志: 0d41b421
// 重构日志: 0059e875
// 重构日志: d10b344b
// 重构日志: 248739a9
// 同步 ID: 0a05e9a8 @ Sun Jul 26 15:36:00 UTC 2026
